<?xml version="1.0" encoding="UTF-8"?>
<TestRun id="7b477547-1d81-4ff2-800e-958a9292d1aa" name="andrew@APB 2011-07-22 23:37:32" runUser="BROWN\andrew" xmlns="http://microsoft.com/schemas/VisualStudio/TeamTest/2010">
  <TestSettings name="Local" id="036155cb-c126-4833-9ffc-84b63cbab7f7">
    <Description>These are default test settings for a local test run.</Description>
    <Deployment userDeploymentRoot="c:\Dev\Homeschool\HSTracker\Hst.DataAccess\TestResults" useDefaultDeploymentRoot="false" enabled="false" runDeploymentRoot="andrew_APB 2011-07-22 23_37_32">
      <DeploymentItem filename="c:\Dev\Homeschool\HSTracker\Hst.DataAccess\Hst.Storage\bin\Debug\Hst.Storage.dll" />
      <DeploymentItem filename="c:\Dev\Homeschool\HSTracker\Hst.DataAccess\Hst.Core\bin\Debug\Hst.Core.dll" />
      <DeploymentItem filename="c:\Dev\Homeschool\HSTracker\Hst.DataAccess\Hst.Domain\bin\Debug\Hst.Domain.dll" />
      <DeploymentItem filename="c:\Dev\Homeschool\HSTracker\Hst.DataAccess\Hst.DataAccess\bin\Debug\Hst.DataAccess.dll" />
      <DeploymentItem filename="c:\Dev\Homeschool\HSTracker\Hst.DataAccess\Hst.Services\bin\Debug\Hst.Services.dll" />
    </Deployment>
    <Execution>
      <TestTypeSpecific />
      <AgentRule name="Execution Agents">
      </AgentRule>
    </Execution>
  </TestSettings>
  <Times creation="2011-07-22T23:37:32.0910043-07:00" queuing="2011-07-22T23:37:40.2848236-07:00" start="2011-07-22T23:37:40.6528604-07:00" finish="2011-07-22T23:50:41.9329806-07:00" />
  <ResultSummary outcome="Error">
    <Counters total="1" executed="1" error="0" failed="0" timeout="0" aborted="1" inconclusive="0" passedButRunAborted="0" notRunnable="0" notExecuted="0" disconnected="0" warning="0" passed="0" completed="0" inProgress="0" pending="0" />
    <RunInfos>
      <RunInfo computerName="APB" outcome="Error" timestamp="2011-07-22T23:50:41.9319805-07:00">
        <Text>Test host process exited unexpectedly.</Text>
      </RunInfo>
    </RunInfos>
  </ResultSummary>
  <TestDefinitions>
    <UnitTest name="DeployDB" storage="c:\dev\homeschool\hstracker\hst.dataaccess\hst.unittests\bin\debug\hst.unittests.dll" id="e03bf64e-4519-ba6b-d07b-728ce920f322">
      <Execution id="50209941-3b80-4a02-9b26-72f107841310" />
      <TestMethod codeBase="c:/Dev/Homeschool/HSTracker/Hst.DataAccess/Hst.UnitTests/bin/Debug/Hst.UnitTests.DLL" adapterTypeName="Microsoft.VisualStudio.TestTools.TestTypes.Unit.UnitTestAdapter, Microsoft.VisualStudio.QualityTools.Tips.UnitTest.Adapter, Version=10.0.0.0, Culture=neutral, PublicKeyToken=b03f5f7f11d50a3a" className="Hst.UnitTests.DataContext, Hst.UnitTests, Version=1.0.0.0, Culture=neutral, PublicKeyToken=null" name="DeployDB" />
    </UnitTest>
  </TestDefinitions>
  <TestLists>
    <TestList name="Results Not in a List" id="8c84fa94-04c1-424b-9868-57a2d4851a1d" />
    <TestList name="All Loaded Results" id="19431567-8539-422a-85d7-44ee4e166bda" />
  </TestLists>
  <TestEntries>
    <TestEntry testId="e03bf64e-4519-ba6b-d07b-728ce920f322" executionId="50209941-3b80-4a02-9b26-72f107841310" testListId="8c84fa94-04c1-424b-9868-57a2d4851a1d" />
  </TestEntries>
  <Results>
    <UnitTestResult executionId="50209941-3b80-4a02-9b26-72f107841310" testId="e03bf64e-4519-ba6b-d07b-728ce920f322" testName="DeployDB" computerName="APB" duration="00:13:00.9440866" startTime="2011-07-22T23:37:40.9888940-07:00" endTime="2011-07-22T23:50:41.9329806-07:00" testType="13cdc9d9-ddb5-4fa4-a97d-d965ccfc6d4b" outcome="Aborted" testListId="8c84fa94-04c1-424b-9868-57a2d4851a1d" relativeResultsDirectory="50209941-3b80-4a02-9b26-72f107841310">
    </UnitTestResult>
  </Results>
</TestRun>