<?xml version="1.0" encoding="UTF-8"?>
<TestRun id="05aebdd9-b29e-43e8-aab1-c0d8e5b4c4d7" name="andrew@APB 2011-07-22 23:31:13" runUser="BROWN\andrew" xmlns="http://microsoft.com/schemas/VisualStudio/TeamTest/2010">
  <TestSettings name="Local" id="036155cb-c126-4833-9ffc-84b63cbab7f7">
    <Description>These are default test settings for a local test run.</Description>
    <Deployment userDeploymentRoot="c:\Dev\Homeschool\HSTracker\Hst.DataAccess\TestResults" useDefaultDeploymentRoot="false" enabled="false" runDeploymentRoot="andrew_APB 2011-07-22 23_31_13">
      <DeploymentItem filename="c:\Dev\Homeschool\HSTracker\Hst.DataAccess\Hst.Storage\bin\Debug\Hst.Storage.dll" />
      <DeploymentItem filename="c:\Dev\Homeschool\HSTracker\Hst.DataAccess\Hst.Core\bin\Debug\Hst.Core.dll" />
      <DeploymentItem filename="c:\Dev\Homeschool\HSTracker\Hst.DataAccess\Hst.Domain\bin\Debug\Hst.Domain.dll" />
      <DeploymentItem filename="c:\Dev\Homeschool\HSTracker\Hst.DataAccess\Hst.DataAccess\bin\Debug\Hst.DataAccess.dll" />
      <DeploymentItem filename="c:\Dev\Homeschool\HSTracker\Hst.DataAccess\Hst.Services\bin\Debug\Hst.Services.dll" />
    </Deployment>
    <Execution>
      <TestTypeSpecific />
      <AgentRule name="Execution Agents">
      </AgentRule>
    </Execution>
  </TestSettings>
  <Times creation="2011-07-22T23:31:13.7211711-07:00" queuing="2011-07-22T23:31:13.8171807-07:00" start="2011-07-22T23:31:14.0232013-07:00" finish="2011-07-22T23:31:15.7973787-07:00" />
  <ResultSummary outcome="Failed">
    <Counters total="1" executed="1" error="0" failed="1" timeout="0" aborted="0" inconclusive="0" passedButRunAborted="0" notRunnable="0" notExecuted="0" disconnected="0" warning="0" passed="0" completed="0" inProgress="0" pending="0" />
  </ResultSummary>
  <TestDefinitions>
    <UnitTest name="DeployDB" storage="c:\dev\homeschool\hstracker\hst.dataaccess\hst.unittests\bin\debug\hst.unittests.dll" id="e03bf64e-4519-ba6b-d07b-728ce920f322">
      <Execution id="3f44b268-413d-4978-932a-43bd37084e7a" />
      <TestMethod codeBase="c:/Dev/Homeschool/HSTracker/Hst.DataAccess/Hst.UnitTests/bin/Debug/Hst.UnitTests.DLL" adapterTypeName="Microsoft.VisualStudio.TestTools.TestTypes.Unit.UnitTestAdapter, Microsoft.VisualStudio.QualityTools.Tips.UnitTest.Adapter, Version=10.0.0.0, Culture=neutral, PublicKeyToken=b03f5f7f11d50a3a" className="Hst.UnitTests.DataContext, Hst.UnitTests, Version=1.0.0.0, Culture=neutral, PublicKeyToken=null" name="DeployDB" />
    </UnitTest>
  </TestDefinitions>
  <TestLists>
    <TestList name="Results Not in a List" id="8c84fa94-04c1-424b-9868-57a2d4851a1d" />
    <TestList name="All Loaded Results" id="19431567-8539-422a-85d7-44ee4e166bda" />
  </TestLists>
  <TestEntries>
    <TestEntry testId="e03bf64e-4519-ba6b-d07b-728ce920f322" executionId="3f44b268-413d-4978-932a-43bd37084e7a" testListId="8c84fa94-04c1-424b-9868-57a2d4851a1d" />
  </TestEntries>
  <Results>
    <UnitTestResult executionId="3f44b268-413d-4978-932a-43bd37084e7a" testId="e03bf64e-4519-ba6b-d07b-728ce920f322" testName="DeployDB" computerName="APB" duration="00:00:00.9876271" startTime="2011-07-22T23:31:14.1772167-07:00" endTime="2011-07-22T23:31:15.6353625-07:00" testType="13cdc9d9-ddb5-4fa4-a97d-d965ccfc6d4b" outcome="Failed" testListId="8c84fa94-04c1-424b-9868-57a2d4851a1d" relativeResultsDirectory="3f44b268-413d-4978-932a-43bd37084e7a">
      <Output>
        <ErrorInfo>
          <Message>Test method Hst.UnitTests.DataContext.DeployDB threw exception: 
StructureMap.StructureMapException: StructureMap Exception Code:  207
Internal exception while creating Instance 'a2374f91-9360-4c44-8dfd-bd516ff00666' of PluginType Hst.Core.Storage.Ef.HstEntityContext, Hst.Core, Version=1.0.0.0, Culture=neutral, PublicKeyToken=null.  Check the inner exception for more details. ---&gt; System.NullReferenceException: Object reference not set to an instance of an object.</Message>
          <StackTrace>    at System.Data.Entity.ModelConfiguration.Configuration.Properties.Navigation.NavigationPropertyConfiguration.ValidateConsistency(NavigationPropertyConfiguration navigationPropertyConfiguration)
   at System.Data.Entity.ModelConfiguration.Configuration.Properties.Navigation.NavigationPropertyConfiguration.Configure(EdmNavigationProperty navigationProperty, EdmModel model, EntityTypeConfiguration entityTypeConfiguration)
   at System.Data.Entity.ModelConfiguration.Configuration.Types.EntityTypeConfiguration.ConfigureAssociations(EdmEntityType entityType, EdmModel model)
   at System.Data.Entity.ModelConfiguration.Configuration.Types.EntityTypeConfiguration.Configure(EdmEntityType entityType, EdmModel model)
   at System.Data.Entity.ModelConfiguration.Configuration.ModelConfiguration.ConfigureEntities(EdmModel model)
   at System.Data.Entity.DbModelBuilder.Build(DbProviderManifest providerManifest, DbProviderInfo providerInfo)
   at System.Data.Entity.DbModelBuilder.Build(DbConnection providerConnection)
   at Hst.Core.Storage.Ef.HstEntityContextBuilder.CreateContext() in c:\Dev\Homeschool\HSTracker\Hst.DataAccess\Hst.Core\Storage\Ef\HstEntityContextBuilder.cs:line 41
   at Hst.Services.ServiceComponentContainer.&lt;BootstrapContainer&gt;b__4() in c:\Dev\Homeschool\HSTracker\Hst.DataAccess\Hst.Services\ServiceComponentContainer.cs:line 32
   at StructureMap.Pipeline.ConstructorInstance`1.&lt;&gt;c__DisplayClass8.&lt;.ctor&gt;b__6(IContext s)
   at StructureMap.Pipeline.ConstructorInstance`1.build(Type pluginType, BuildSession session)
 --- End of inner exception stack trace ---
    at StructureMap.Pipeline.ConstructorInstance`1.build(Type pluginType, BuildSession session)
   at StructureMap.Pipeline.Instance.createRawObject(Type pluginType, BuildSession session)
   at StructureMap.Pipeline.Instance.Build(Type pluginType, BuildSession session)
   at StructureMap.Pipeline.BuildPolicy.Build(BuildSession buildSession, Type pluginType, Instance instance)
   at StructureMap.InstanceFactory.Build(BuildSession session, Instance instance)
   at StructureMap.BuildSession.CreateInstance(Type pluginType, Instance instance)
   at StructureMap.BuildSession.&lt;.ctor&gt;b__0(Type t)
   at StructureMap.Util.Cache`2.get_Item(KEY key)
   at StructureMap.BuildSession.CreateInstance(Type pluginType)
   at StructureMap.Pipeline.DefaultInstance.build(Type pluginType, BuildSession session)
   at StructureMap.Pipeline.Instance.createRawObject(Type pluginType, BuildSession session)
   at StructureMap.Pipeline.Instance.Build(Type pluginType, BuildSession session)
   at StructureMap.Pipeline.ConfiguredInstanceBase`1.getChild(String propertyName, Type pluginType, BuildSession buildSession)
   at StructureMap.Pipeline.ConfiguredInstanceBase`1.StructureMap.Pipeline.IConfiguredInstance.GetChild(String propertyName, Type pluginType, BuildSession buildSession)
   at HstCoreStorageEfHstEntityStoreInstanceBuilder9f8aa4727c274d4d960272a1bffb306f.BuildInstance(IConfiguredInstance , BuildSession )
   at StructureMap.Pipeline.ConfiguredInstanceBase`1.StructureMap.Pipeline.IConfiguredInstance.Build(Type pluginType, BuildSession session, InstanceBuilder builder)
   at StructureMap.Pipeline.SmartInstance`1.build(Type pluginType, BuildSession session)
   at StructureMap.Pipeline.Instance.createRawObject(Type pluginType, BuildSession session)
   at StructureMap.Pipeline.Instance.Build(Type pluginType, BuildSession session)
   at StructureMap.Pipeline.BuildPolicy.Build(BuildSession buildSession, Type pluginType, Instance instance)
   at StructureMap.InstanceFactory.Build(BuildSession session, Instance instance)
   at StructureMap.BuildSession.CreateInstance(Type pluginType, Instance instance)
   at StructureMap.BuildSession.&lt;.ctor&gt;b__0(Type t)
   at StructureMap.Util.Cache`2.get_Item(KEY key)
   at StructureMap.BuildSession.CreateInstance(Type pluginType)
   at StructureMap.Container.GetInstance[T]()
   at Hst.Core.IoC.StructureMapComponentContainer.Resolve[T]() in c:\Dev\Homeschool\HSTracker\Hst.DataAccess\Hst.Core\IoC\StructureMapComponentContainer.cs:line 24
   at Hst.UnitTests.DataContext.DeployDB() in c:\Dev\Homeschool\HSTracker\Hst.DataAccess\Hst.UnitTests\DataContext.cs:line 23
</StackTrace>
        </ErrorInfo>
      </Output>
    </UnitTestResult>
  </Results>
</TestRun>