<?xml version="1.0" encoding="UTF-8"?>
<TestRun id="11d00a67-f090-40ab-b29d-b0356f491da7" name="andrew@APB 2011-07-23 00:04:26" runUser="BROWN\andrew" xmlns="http://microsoft.com/schemas/VisualStudio/TeamTest/2010">
  <TestSettings name="Local" id="036155cb-c126-4833-9ffc-84b63cbab7f7">
    <Description>These are default test settings for a local test run.</Description>
    <Deployment userDeploymentRoot="c:\Dev\Homeschool\HSTracker\Hst.DataAccess\TestResults" useDefaultDeploymentRoot="false" enabled="false" runDeploymentRoot="andrew_APB 2011-07-23 00_04_26">
      <DeploymentItem filename="c:\Dev\Homeschool\HSTracker\Hst.DataAccess\Hst.Storage\bin\Debug\Hst.Storage.dll" />
      <DeploymentItem filename="c:\Dev\Homeschool\HSTracker\Hst.DataAccess\Hst.Core\bin\Debug\Hst.Core.dll" />
      <DeploymentItem filename="c:\Dev\Homeschool\HSTracker\Hst.DataAccess\Hst.Domain\bin\Debug\Hst.Domain.dll" />
      <DeploymentItem filename="c:\Dev\Homeschool\HSTracker\Hst.DataAccess\Hst.DataAccess\bin\Debug\Hst.DataAccess.dll" />
      <DeploymentItem filename="c:\Dev\Homeschool\HSTracker\Hst.DataAccess\Hst.Services\bin\Debug\Hst.Services.dll" />
    </Deployment>
    <Execution>
      <TestTypeSpecific />
      <AgentRule name="Execution Agents">
      </AgentRule>
    </Execution>
  </TestSettings>
  <Times creation="2011-07-23T00:04:26.2784069-07:00" queuing="2011-07-23T00:04:26.3914182-07:00" start="2011-07-23T00:04:26.4284219-07:00" finish="2011-07-23T00:04:29.3067097-07:00" />
  <ResultSummary outcome="Completed">
    <Counters total="1" executed="1" passed="1" error="0" failed="0" timeout="0" aborted="0" inconclusive="0" passedButRunAborted="0" notRunnable="0" notExecuted="0" disconnected="0" warning="0" completed="0" inProgress="0" pending="0" />
  </ResultSummary>
  <TestDefinitions>
    <UnitTest name="DeployDB" storage="c:\dev\homeschool\hstracker\hst.dataaccess\hst.unittests\bin\debug\hst.unittests.dll" id="e03bf64e-4519-ba6b-d07b-728ce920f322">
      <Execution id="0675860c-3ef0-4366-8ba2-750c7e8c69fb" />
      <TestMethod codeBase="c:/Dev/Homeschool/HSTracker/Hst.DataAccess/Hst.UnitTests/bin/Debug/Hst.UnitTests.DLL" adapterTypeName="Microsoft.VisualStudio.TestTools.TestTypes.Unit.UnitTestAdapter, Microsoft.VisualStudio.QualityTools.Tips.UnitTest.Adapter, Version=10.0.0.0, Culture=neutral, PublicKeyToken=b03f5f7f11d50a3a" className="Hst.UnitTests.DataContext, Hst.UnitTests, Version=1.0.0.0, Culture=neutral, PublicKeyToken=null" name="DeployDB" />
    </UnitTest>
  </TestDefinitions>
  <TestLists>
    <TestList name="Results Not in a List" id="8c84fa94-04c1-424b-9868-57a2d4851a1d" />
    <TestList name="All Loaded Results" id="19431567-8539-422a-85d7-44ee4e166bda" />
  </TestLists>
  <TestEntries>
    <TestEntry testId="e03bf64e-4519-ba6b-d07b-728ce920f322" executionId="0675860c-3ef0-4366-8ba2-750c7e8c69fb" testListId="8c84fa94-04c1-424b-9868-57a2d4851a1d" />
  </TestEntries>
  <Results>
    <UnitTestResult executionId="0675860c-3ef0-4366-8ba2-750c7e8c69fb" testId="e03bf64e-4519-ba6b-d07b-728ce920f322" testName="DeployDB" computerName="APB" duration="00:00:02.5138775" startTime="2011-07-23T00:04:26.4504241-07:00" endTime="2011-07-23T00:04:29.2587049-07:00" testType="13cdc9d9-ddb5-4fa4-a97d-d965ccfc6d4b" outcome="Passed" testListId="8c84fa94-04c1-424b-9868-57a2d4851a1d" relativeResultsDirectory="0675860c-3ef0-4366-8ba2-750c7e8c69fb">
    </UnitTestResult>
  </Results>
</TestRun>